Microchip MPLAB XC8 Compiler V2.31

Linker command line:

-W-3 --edf=C:\Program Files\Microchip\xc8\v2.31\pic\dat\en_msgs.txt -cn \
  -h+dist/default/production\PIC18F45_CoilGunController.X.production.sym \
  --cmf=dist/default/production\PIC18F45_CoilGunController.X.production.cmf \
  -z -Q18F45Q10 -oC:\Users\jacob\AppData\Local\Temp\svg4.3 \
  --defsym=__MPLAB_BUILD=1 \
  -Mdist/default/production/PIC18F45_CoilGunController.X.production.map -E1 \
  -ver=XC8 Compiler --acfsm=1493 -ASTACK=060h-07FFh -pstack=STACK \
  -ACODE=00h-07FFFh -ACONST=00h-07FFFh -ASMALLCONST=0800h-08FFhx120 \
  -AMEDIUMCONST=0800h-07FFFh -ACOMRAM=01h-05Fh -AABS1=00h-07FFh \
  -ABIGRAM=01h-07FFh -ARAM=060h-0FFh,0100h-01FFhx7 -ABANK0=060h-0FFh \
  -ABANK1=0100h-01FFh -ABANK2=0200h-02FFh -ABANK3=0300h-03FFh \
  -ABANK4=0400h-04FFh -ABANK5=0500h-05FFh -ABANK6=0600h-06FFh \
  -ABANK7=0700h-07FFh -ASFR=0800h-08FFh,0E1Fh-0EFFh,0F00h-0F5Fh,0F60h-0FFFh \
  -ACONFIG=0300000h-030000Bh -AIDLOC=0200000h-02000FFh \
  -AEEDATA=0310000h-03100FFh -peeprom_data=EEDATA \
  -preset_vec=00h,intcode=08h,intcodelo,powerup,init -pramtop=0800h \
  -psmallconst=SMALLCONST -pmediumconst=MEDIUMCONST -pconst=CONST \
  -AFARRAM=00h-00h \
  -prdata=COMRAM,nvrram=COMRAM,nvbit=COMRAM,rbss=COMRAM,rbit=COMRAM \
  -pfarbss=FARRAM,fardata=FARRAM,nvFARRAM=FARRAM \
  -pintsave_regs=BIGRAM,bigbss=BIGRAM,bigdata=BIGRAM -pbss=RAM \
  -pidata=CODE,irdata=CODE,ibigdata=CODE,ifardata=CODE -prparam=COMRAM \
  C:\Users\jacob\AppData\Local\Temp\svg4.o \
  dist/default/production\PIC18F45_CoilGunController.X.production.o 

Object code version is 3.11

Machine type is 18F45Q10



                Name                               Link     Load   Length Selector   Space Scale
C:\Users\jacob\AppData\Local\Temp\svg4.o
                idloc                            200000   200000      100        0       5
                config                           300000   300000        C        0       4
                init                                1FA      1FA        4        4       0
                reset_vec                             0        0        4        0       0
dist/default/production\PIC18F45_CoilGunController.X.production.o
                intcode                               8        8      1F2        4       0
                idloc                            200000   200000      100        0       5
                config                           300000   300000        C        0       4
                temp                                 1D       1D        1        1       1
                text19                              3CC      3CC       14        4       0
                text17                              46A      46A        8        4       0
                text16                              472      472        6        4       0
                text15                              3B4      3B4       18        4       0
                text14                              460      460        A        4       0
                text13                              456      456        A        4       0
                text12                              44C      44C        A        4       0
                text11                              442      442        A        4       0
                text10                              438      438        A        4       0
                text9                               42E      42E        A        4       0
                text8                               424      424        A        4       0
                text7                               41A      41A        A        4       0
                text6                               410      410        A        4       0
                text5                               406      406        A        4       0
                text4                               3FC      3FC        A        4       0
                text3                               1FE      1FE      13E        4       0
                text2                               398      398       1C        4       0
                text1                               3EE      3EE        E        4       0
                text0                               33C      33C       5C        4       0
                cstackCOMRAM                         17       17        6        1       1
                cinit                               3E0      3E0        E        4       0
                nvCOMRAM                              1        1       16        1       1

TOTAL           Name                               Link     Load   Length     Space
        CLASS   STACK          

        CLASS   CODE           
                intcode                               8        8      1F2         0
                init                                1FA      1FA        4         0
                reset_vec                             0        0        4         0
                text19                              3CC      3CC       14         0
                text17                              46A      46A        8         0
                text16                              472      472        6         0
                text15                              3B4      3B4       18         0
                text14                              460      460        A         0
                text13                              456      456        A         0
                text12                              44C      44C        A         0
                text11                              442      442        A         0
                text10                              438      438        A         0
                text9                               42E      42E        A         0
                text8                               424      424        A         0
                text7                               41A      41A        A         0
                text6                               410      410        A         0
                text5                               406      406        A         0
                text4                               3FC      3FC        A         0
                text3                               1FE      1FE      13E         0
                text2                               398      398       1C         0
                text1                               3EE      3EE        E         0
                text0                               33C      33C       5C         0
                cinit                               3E0      3E0        E         0

        CLASS   CONST          

        CLASS   SMALLCONST     

        CLASS   MEDIUMCONST    

        CLASS   COMRAM         
                temp                                 1D       1D        1         1
                cstackCOMRAM                         17       17        6         1
                nvCOMRAM                              1        1       16         1

        CLASS   ABS1           

        CLASS   BIGRAM         

        CLASS   RAM            

        CLASS   BANK0          

        CLASS   BANK1          

        CLASS   BANK2          

        CLASS   BANK3          

        CLASS   BANK4          

        CLASS   BANK5          

        CLASS   BANK6          

        CLASS   BANK7          

        CLASS   SFR            

        CLASS   CONFIG         
                config                           300000   300000        C         4

        CLASS   IDLOC          
                idloc                            200000   200000      100         5

        CLASS   EEDATA         

        CLASS   FARRAM         



SEGMENTS        Name                           Load    Length   Top    Selector   Space  Class

                reset_vec                      000000  000004  000004         0       0  CODE    
                nvCOMRAM                       000001  00001D  00001E         1       1  COMRAM  
                intcode                        000008  000470  000478         4       0  CODE    


UNUSED ADDRESS RANGES

        Name                Unused          Largest block    Delta
        BANK0            000060-0000FF               A0
        BANK1            000100-0001FF              100
        BANK2            000200-0002FF              100
        BANK3            000300-0003FF              100
        BANK4            000400-0004FF              100
        BANK5            000500-0005FF              100
        BANK6            000600-0006FF              100
        BANK7            000700-0007FF              100
        BIGRAM           00001E-0007FF              7E2
        CODE             000004-000007                4
                         000478-007FFF             7B88
        COMRAM           00001E-00005F               42
        CONST            000004-000007                4
                         000478-007FFF             7B88
        EEDATA           310000-3100FF              100
        MEDIUMCONST      000800-007FFF             7800
        RAM              000060-0007FF              100
        SFR              000800-0008FF              100
                         000E1F-000FFF               E1
        SMALLCONST       000800-007FFF              100
        STACK            000060-0007FF              7A0

                                  Symbol Table

IOCAF0_SetInterruptHandler@InterruptHandler cstackCOMRAM 000019
IOCAF1_SetInterruptHandler@InterruptHandler cstackCOMRAM 000019
IOCAF2_SetInterruptHandler@InterruptHandler cstackCOMRAM 000019
IOCAF3_SetInterruptHandler@InterruptHandler cstackCOMRAM 000019
IOCAF4_SetInterruptHandler@InterruptHandler cstackCOMRAM 000019
IOCAF5_SetInterruptHandler@InterruptHandler cstackCOMRAM 000019
IOCCF0_SetInterruptHandler@InterruptHandler cstackCOMRAM 000019
IOCCF1_SetInterruptHandler@InterruptHandler cstackCOMRAM 000019
IOCEF0_SetInterruptHandler@InterruptHandler cstackCOMRAM 000019
IOCEF1_SetInterruptHandler@InterruptHandler cstackCOMRAM 000019
IOCEF2_SetInterruptHandler@InterruptHandler cstackCOMRAM 000019
_ANSELA                                     (abs)        000F0C
_ANSELB                                     (abs)        000F14
_ANSELC                                     (abs)        000F1C
_ANSELD                                     (abs)        000F21
_ANSELE                                     (abs)        000F29
_INLVLA                                     (abs)        000F08
_INLVLB                                     (abs)        000F10
_INLVLC                                     (abs)        000F18
_INLVLD                                     (abs)        000F1D
_INLVLE                                     (abs)        000F25
_INTCONbits                                 (abs)        000FF2
_INTERRUPT_Initialize                       text17       00046A
_INTERRUPT_InterruptManager                 intcode      000008
_IOCAF0_DefaultInterruptHandler             (abs)        000000
_IOCAF0_InterruptHandler                    nvCOMRAM     000015
_IOCAF0_SetInterruptHandler                 text14       000460
_IOCAF1_DefaultInterruptHandler             (abs)        000000
_IOCAF1_InterruptHandler                    nvCOMRAM     000013
_IOCAF1_SetInterruptHandler                 text13       000456
_IOCAF2_DefaultInterruptHandler             (abs)        000000
_IOCAF2_InterruptHandler                    nvCOMRAM     000011
_IOCAF2_SetInterruptHandler                 text12       00044C
_IOCAF3_DefaultInterruptHandler             (abs)        000000
_IOCAF3_InterruptHandler                    nvCOMRAM     00000F
_IOCAF3_SetInterruptHandler                 text11       000442
_IOCAF4_DefaultInterruptHandler             (abs)        000000
_IOCAF4_InterruptHandler                    nvCOMRAM     00000D
_IOCAF4_SetInterruptHandler                 text10       000438
_IOCAF5_DefaultInterruptHandler             (abs)        000000
_IOCAF5_InterruptHandler                    nvCOMRAM     00000B
_IOCAF5_SetInterruptHandler                 text9        00042E
_IOCAFbits                                  (abs)        000F05
_IOCAFbits_Data                             (abs)        000F05
_IOCANbits                                  (abs)        000F06
_IOCAPbits                                  (abs)        000F07
_IOCBFbits_Data                             (abs)        000F0D
_IOCCF0_DefaultInterruptHandler             (abs)        000000
_IOCCF0_InterruptHandler                    nvCOMRAM     000009
_IOCCF0_SetInterruptHandler                 text8        000424
_IOCCF1_DefaultInterruptHandler             (abs)        000000
_IOCCF1_InterruptHandler                    nvCOMRAM     000007
_IOCCF1_SetInterruptHandler                 text7        00041A
_IOCCFbits                                  (abs)        000F15
_IOCCFbits_Data                             (abs)        000F15
_IOCCNbits                                  (abs)        000F16
_IOCCPbits                                  (abs)        000F17
_IOCEF0_DefaultInterruptHandler             (abs)        000000
_IOCEF0_InterruptHandler                    nvCOMRAM     000005
_IOCEF0_SetInterruptHandler                 text6        000410
_IOCEF1_DefaultInterruptHandler             (abs)        000000
_IOCEF1_InterruptHandler                    nvCOMRAM     000003
_IOCEF1_SetInterruptHandler                 text5        000406
_IOCEF2_DefaultInterruptHandler             (abs)        000000
_IOCEF2_InterruptHandler                    nvCOMRAM     000001
_IOCEF2_SetInterruptHandler                 text4        0003FC
_IOCEFbits                                  (abs)        000F22
_IOCEFbits_Data                             (abs)        000F22
_IOCENbits                                  (abs)        000F23
_IOCEPbits                                  (abs)        000F24
_IOC_Initialize                             text16       000472
_LATA                                       (abs)        000F82
_LATB                                       (abs)        000F83
_LATC                                       (abs)        000F84
_LATD                                       (abs)        000F85
_LATE                                       (abs)        000F86
_Local_IOCCF4_ISR                           text19       0003CC
_ODCONA                                     (abs)        000F0A
_ODCONB                                     (abs)        000F12
_ODCONC                                     (abs)        000F1A
_ODCOND                                     (abs)        000F1F
_ODCONE                                     (abs)        000F27
_OSCCON1                                    (abs)        000ED3
_OSCCON3                                    (abs)        000ED5
_OSCEN                                      (abs)        000ED7
_OSCFRQ                                     (abs)        000ED9
_OSCILLATOR_Initialize                      text15       0003B4
_OSCTUNE                                    (abs)        000ED8
_PIE0bits                                   (abs)        000EBD
_PIN_MANAGER_Initialize                     text3        0001FE
_PMD0                                       (abs)        000EDC
_PMD1                                       (abs)        000EDD
_PMD2                                       (abs)        000EDE
_PMD3                                       (abs)        000EDF
_PMD4                                       (abs)        000EE0
_PMD5                                       (abs)        000EE1
_PMD_Initialize                             text2        000398
_PORTD                                      (abs)        000F8F
_RD2                                        (abs)        007C7A
_SLRCONA                                    (abs)        000F09
_SLRCONB                                    (abs)        000F11
_SLRCONC                                    (abs)        000F19
_SLRCOND                                    (abs)        000F1E
_SLRCONE                                    (abs)        000F26
_SYSTEM_Initialize                          text1        0003EE
_TRISA                                      (abs)        000F87
_TRISB                                      (abs)        000F88
_TRISC                                      (abs)        000F89
_TRISD                                      (abs)        000F8A
_TRISE                                      (abs)        000F8B
_WPUA                                       (abs)        000F0B
_WPUB                                       (abs)        000F13
_WPUC                                       (abs)        000F1B
_WPUD                                       (abs)        000F20
_WPUE                                       (abs)        000F28
__HRAM                                      (abs)        000000
__Habs1                                     abs1         000000
__Hbank0                                    bank0        000000
__Hbank1                                    bank1        000000
__Hbank2                                    bank2        000000
__Hbank3                                    bank3        000000
__Hbank4                                    bank4        000000
__Hbank5                                    bank5        000000
__Hbank6                                    bank6        000000
__Hbank7                                    bank7        000000
__Hbigbss                                   bigbss       000000
__Hbigdata                                  bigdata      000000
__Hbigram                                   bigram       000000
__Hbss                                      bss          000000
__Hcinit                                    cinit        000000
__Hclrtext                                  clrtext      000000
__Hcomram                                   comram       000000
__Hconfig                                   config       30000C
__Hconst                                    const        000000
__HcstackCOMRAM                             cstackCOMRAM 000000
__Hdata                                     data         000000
__Heeprom_data                              eeprom_data  000000
__Hfarbss                                   farbss       000000
__Hfardata                                  fardata      000000
__Hibigdata                                 ibigdata     000000
__Hidata                                    idata        000000
__Hidloc                                    idloc        200100
__Hifardata                                 ifardata     000000
__Hinit                                     init         0001FE
__Hintcode                                  intcode      0001FA
__Hintcode_body                             intcode_body 000000
__Hintcodelo                                intcodelo    0001FA
__Hintentry                                 intentry     000000
__Hintret                                   intret       000000
__Hintsave_regs                             intsave_regs 000000
__Hirdata                                   irdata       000000
__Hmediumconst                              mediumconst  000000
__HnvCOMRAM                                 nvCOMRAM     000000
__HnvFARRAM                                 nvFARRAM     000000
__Hnvbit                                    nvbit        000000
__Hnvrram                                   nvrram       000000
__Hparam                                    rparam       000000
__Hpowerup                                  powerup      0001FA
__Hram                                      ram          000000
__Hramtop                                   ramtop       000800
__Hrbit                                     rbit         000000
__Hrbss                                     rbss         000000
__Hrdata                                    rdata        000000
__Hreset_vec                                reset_vec    000004
__Hrparam                                   rparam       000000
__Hsfr                                      sfr          000000
__Hsmallconst                               smallconst   000000
__Hspace_0                                  (abs)        000800
__Hspace_1                                  (abs)        00001E
__Hspace_2                                  (abs)        000000
__Hspace_4                                  (abs)        60000C
__Hstack                                    stack        000000
__Hstruct                                   struct       000000
__Htemp                                     temp         00001E
__Htext                                     text         000000
__Htext0                                    text0        000000
__Htext1                                    text1        000000
__Htext10                                   text10       000000
__Htext11                                   text11       000000
__Htext12                                   text12       000000
__Htext13                                   text13       000000
__Htext14                                   text14       000000
__Htext15                                   text15       000000
__Htext16                                   text16       000000
__Htext17                                   text17       000000
__Htext19                                   text19       000000
__Htext2                                    text2        000000
__Htext3                                    text3        000000
__Htext4                                    text4        000000
__Htext5                                    text5        000000
__Htext6                                    text6        000000
__Htext7                                    text7        000000
__Htext8                                    text8        000000
__Htext9                                    text9        000000
__LRAM                                      (abs)        000001
__Labs1                                     abs1         000000
__Lbank0                                    bank0        000000
__Lbank1                                    bank1        000000
__Lbank2                                    bank2        000000
__Lbank3                                    bank3        000000
__Lbank4                                    bank4        000000
__Lbank5                                    bank5        000000
__Lbank6                                    bank6        000000
__Lbank7                                    bank7        000000
__Lbigbss                                   bigbss       000000
__Lbigdata                                  bigdata      000000
__Lbigram                                   bigram       000000
__Lbss                                      bss          000000
__Lcinit                                    cinit        000000
__Lclrtext                                  clrtext      000000
__Lcomram                                   comram       000000
__Lconfig                                   config       000000
__Lconst                                    const        000000
__LcstackCOMRAM                             cstackCOMRAM 000000
__Ldata                                     data         000000
__Leeprom_data                              eeprom_data  000000
__Lfarbss                                   farbss       000000
__Lfardata                                  fardata      000000
__Libigdata                                 ibigdata     000000
__Lidata                                    idata        000000
__Lidloc                                    idloc        000000
__Lifardata                                 ifardata     000000
__Linit                                     init         0001FA
__Lintcode                                  intcode      000008
__Lintcode_body                             intcode_body 000000
__Lintcodelo                                intcodelo    0001FA
__Lintentry                                 intentry     000000
__Lintret                                   intret       000000
__Lintsave_regs                             intsave_regs 000000
__Lirdata                                   irdata       000000
__Lmediumconst                              mediumconst  000000
__LnvCOMRAM                                 nvCOMRAM     000000
__LnvFARRAM                                 nvFARRAM     000000
__Lnvbit                                    nvbit        000000
__Lnvrram                                   nvrram       000000
__Lparam                                    rparam       000000
__Lpowerup                                  powerup      0001FA
__Lram                                      ram          000000
__Lramtop                                   ramtop       000800
__Lrbit                                     rbit         000000
__Lrbss                                     rbss         000000
__Lrdata                                    rdata        000000
__Lreset_vec                                reset_vec    000000
__Lrparam                                   rparam       000000
__Lsfr                                      sfr          000000
__Lsmallconst                               smallconst   000000
__Lspace_0                                  (abs)        000000
__Lspace_1                                  (abs)        000000
__Lspace_2                                  (abs)        000000
__Lspace_4                                  (abs)        000000
__Lstack                                    stack        000000
__Lstruct                                   struct       000000
__Ltemp                                     temp         00001D
__Ltext                                     text         000000
__Ltext0                                    text0        000000
__Ltext1                                    text1        000000
__Ltext10                                   text10       000000
__Ltext11                                   text11       000000
__Ltext12                                   text12       000000
__Ltext13                                   text13       000000
__Ltext14                                   text14       000000
__Ltext15                                   text15       000000
__Ltext16                                   text16       000000
__Ltext17                                   text17       000000
__Ltext19                                   text19       000000
__Ltext2                                    text2        000000
__Ltext3                                    text3        000000
__Ltext4                                    text4        000000
__Ltext5                                    text5        000000
__Ltext6                                    text6        000000
__Ltext7                                    text7        000000
__Ltext8                                    text8        000000
__Ltext9                                    text9        000000
__S0                                        (abs)        000478
__S1                                        (abs)        00001E
__S2                                        (abs)        000000
__S4                                        (abs)        000000
__S5                                        (abs)        000000
___inthi_sp                                 stack        000000
___intlo_sp                                 stack        000000
___param_bank                               (abs)        000000
___rparam_used                              (abs)        000001
___sp                                       stack        000000
__accesstop                                 (abs)        000060
__activetblptr                              (abs)        000002
__end_of_INTERRUPT_Initialize               text17       000472
__end_of_INTERRUPT_InterruptManager         intcode      0001FA
__end_of_IOCAF0_SetInterruptHandler         text14       00046A
__end_of_IOCAF1_SetInterruptHandler         text13       000460
__end_of_IOCAF2_SetInterruptHandler         text12       000456
__end_of_IOCAF3_SetInterruptHandler         text11       00044C
__end_of_IOCAF4_SetInterruptHandler         text10       000442
__end_of_IOCAF5_SetInterruptHandler         text9        000438
__end_of_IOCCF0_SetInterruptHandler         text8        00042E
__end_of_IOCCF1_SetInterruptHandler         text7        000424
__end_of_IOCEF0_SetInterruptHandler         text6        00041A
__end_of_IOCEF1_SetInterruptHandler         text5        000410
__end_of_IOCEF2_SetInterruptHandler         text4        000406
__end_of_IOC_Initialize                     text16       000478
__end_of_Local_IOCCF4_ISR                   text19       0003E0
__end_of_OSCILLATOR_Initialize              text15       0003CC
__end_of_PIN_MANAGER_Initialize             text3        00033C
__end_of_PMD_Initialize                     text2        0003B4
__end_of_SYSTEM_Initialize                  text1        0003FC
__end_of__initialization                    cinit        0003E0
__end_of_main                               text0        000398
__initialization                            cinit        0003E0
__mediumconst                               mediumconst  000000
__pcinit                                    cinit        0003E0
__pcstackCOMRAM                             cstackCOMRAM 000017
__pintcode                                  intcode      000008
__pnvCOMRAM                                 nvCOMRAM     000001
__ptext0                                    text0        00033C
__ptext1                                    text1        0003EE
__ptext10                                   text10       000438
__ptext11                                   text11       000442
__ptext12                                   text12       00044C
__ptext13                                   text13       000456
__ptext14                                   text14       000460
__ptext15                                   text15       0003B4
__ptext16                                   text16       000472
__ptext17                                   text17       00046A
__ptext19                                   text19       0003CC
__ptext2                                    text2        000398
__ptext3                                    text3        0001FE
__ptext4                                    text4        0003FC
__ptext5                                    text5        000406
__ptext6                                    text6        000410
__ptext7                                    text7        00041A
__ptext8                                    text8        000424
__ptext9                                    text9        00042E
__ramtop                                    ramtop       000800
__size_of_INTERRUPT_Initialize              (abs)        000000
__size_of_INTERRUPT_InterruptManager        (abs)        000000
__size_of_IOCAF0_SetInterruptHandler        (abs)        000000
__size_of_IOCAF1_SetInterruptHandler        (abs)        000000
__size_of_IOCAF2_SetInterruptHandler        (abs)        000000
__size_of_IOCAF3_SetInterruptHandler        (abs)        000000
__size_of_IOCAF4_SetInterruptHandler        (abs)        000000
__size_of_IOCAF5_SetInterruptHandler        (abs)        000000
__size_of_IOCCF0_SetInterruptHandler        (abs)        000000
__size_of_IOCCF1_SetInterruptHandler        (abs)        000000
__size_of_IOCEF0_SetInterruptHandler        (abs)        000000
__size_of_IOCEF1_SetInterruptHandler        (abs)        000000
__size_of_IOCEF2_SetInterruptHandler        (abs)        000000
__size_of_IOC_Initialize                    (abs)        000000
__size_of_Local_IOCCF4_ISR                  (abs)        000000
__size_of_OSCILLATOR_Initialize             (abs)        000000
__size_of_PIN_MANAGER_Initialize            (abs)        000000
__size_of_PMD_Initialize                    (abs)        000000
__size_of_SYSTEM_Initialize                 (abs)        000000
__size_of_main                              (abs)        000000
__smallconst                                smallconst   000000
_main                                       text0        00033C
btemp                                       temp         00001D
end_of_initialization                       cinit        0003E0
int$flags                                   temp         00001D
intlevel0                                   text         000000
intlevel1                                   text         000000
intlevel2                                   text         000000
intlevel3                                   text         000000
stackhi                                     (abs)        0007FF
stacklo                                     (abs)        000060
start                                       init         0001FA
start_initialization                        cinit        0003E0
ttemp5                                      temp         00001E
ttemp6                                      temp         000021
ttemp7                                      temp         000025
wtemp8                                      temp         00001E


FUNCTION INFORMATION:

 *************** function _main *****************
 Defined at:
		line 192 in file "main.c"
 Parameters:    Size  Location     Type
		None
 Auto vars:     Size  Location     Type
		None
 Return value:  Size  Location     Type
                  1    wreg      void 
 Registers used:
		wreg, status,2, status,0, cstack
 Tracked objects:
		On entry : 
		On exit  : 
		Unchanged: 
 Data sizes:     COMRAM   BANK0   BANK1   BANK2   BANK3   BANK4   BANK5   BANK6   BANK7
      Params:         0       0       0       0       0       0       0       0       0
      Locals:         0       0       0       0       0       0       0       0       0
      Temps:          2       0       0       0       0       0       0       0       0
      Totals:         2       0       0       0       0       0       0       0       0
Total ram usage:        2 bytes
 Hardware stack levels required when called:    5
 This function calls:
		_INTERRUPT_Initialize
		_IOC_Initialize
		_SYSTEM_Initialize
 This function is called by:
		Startup code after reset
 This function uses a non-reentrant model


 *************** function _SYSTEM_Initialize *****************
 Defined at:
		line 50 in file "mcc_generated_files/mcc.c"
 Parameters:    Size  Location     Type
		None
 Auto vars:     Size  Location     Type
		None
 Return value:  Size  Location     Type
                  1    wreg      void 
 Registers used:
		wreg, status,2, status,0, cstack
 Tracked objects:
		On entry : 
		On exit  : 
		Unchanged: 
 Data sizes:     COMRAM   BANK0   BANK1   BANK2   BANK3   BANK4   BANK5   BANK6   BANK7
      Params:         0       0       0       0       0       0       0       0       0
      Locals:         0       0       0       0       0       0       0       0       0
      Temps:          0       0       0       0       0       0       0       0       0
      Totals:         0       0       0       0       0       0       0       0       0
Total ram usage:        0 bytes
 Hardware stack levels used:    1
 Hardware stack levels required when called:    4
 This function calls:
		_OSCILLATOR_Initialize
		_PIN_MANAGER_Initialize
		_PMD_Initialize
 This function is called by:
		_main
 This function uses a non-reentrant model


 *************** function _PMD_Initialize *****************
 Defined at:
		line 71 in file "mcc_generated_files/mcc.c"
 Parameters:    Size  Location     Type
		None
 Auto vars:     Size  Location     Type
		None
 Return value:  Size  Location     Type
                  1    wreg      void 
 Registers used:
		wreg, status,2
 Tracked objects:
		On entry : 
		On exit  : 
		Unchanged: 
 Data sizes:     COMRAM   BANK0   BANK1   BANK2   BANK3   BANK4   BANK5   BANK6   BANK7
      Params:         0       0       0       0       0       0       0       0       0
      Locals:         0       0       0       0       0       0       0       0       0
      Temps:          0       0       0       0       0       0       0       0       0
      Totals:         0       0       0       0       0       0       0       0       0
Total ram usage:        0 bytes
 Hardware stack levels used:    1
 Hardware stack levels required when called:    2
 This function calls:
		Nothing
 This function is called by:
		_SYSTEM_Initialize
 This function uses a non-reentrant model


 *************** function _PIN_MANAGER_Initialize *****************
 Defined at:
		line 67 in file "mcc_generated_files/pin_manager.c"
 Parameters:    Size  Location     Type
		None
 Auto vars:     Size  Location     Type
		None
 Return value:  Size  Location     Type
                  1    wreg      void 
 Registers used:
		wreg, status,2, status,0, cstack
 Tracked objects:
		On entry : 
		On exit  : 
		Unchanged: 
 Data sizes:     COMRAM   BANK0   BANK1   BANK2   BANK3   BANK4   BANK5   BANK6   BANK7
      Params:         0       0       0       0       0       0       0       0       0
      Locals:         0       0       0       0       0       0       0       0       0
      Temps:          0       0       0       0       0       0       0       0       0
      Totals:         0       0       0       0       0       0       0       0       0
Total ram usage:        0 bytes
 Hardware stack levels used:    1
 Hardware stack levels required when called:    3
 This function calls:
		_IOCAF0_SetInterruptHandler
		_IOCAF1_SetInterruptHandler
		_IOCAF2_SetInterruptHandler
		_IOCAF3_SetInterruptHandler
		_IOCAF4_SetInterruptHandler
		_IOCAF5_SetInterruptHandler
		_IOCCF0_SetInterruptHandler
		_IOCCF1_SetInterruptHandler
		_IOCEF0_SetInterruptHandler
		_IOCEF1_SetInterruptHandler
		_IOCEF2_SetInterruptHandler
 This function is called by:
		_SYSTEM_Initialize
 This function uses a non-reentrant model


 *************** function _IOCEF2_SetInterruptHandler *****************
 Defined at:
		line 598 in file "mcc_generated_files/pin_manager.c"
 Parameters:    Size  Location     Type
  InterruptHan    2    2[COMRAM] PTR FTN()void 
		 -> IOCEF2_DefaultInterruptHandler(1), 
 Auto vars:     Size  Location     Type
		None
 Return value:  Size  Location     Type
                  1    wreg      void 
 Registers used:
		wreg, status,2, status,0
 Tracked objects:
		On entry : 
		On exit  : 
		Unchanged: 
 Data sizes:     COMRAM   BANK0   BANK1   BANK2   BANK3   BANK4   BANK5   BANK6   BANK7
      Params:         2       0       0       0       0       0       0       0       0
      Locals:         0       0       0       0       0       0       0       0       0
      Temps:          0       0       0       0       0       0       0       0       0
      Totals:         2       0       0       0       0       0       0       0       0
Total ram usage:        2 bytes
 Hardware stack levels used:    1
 Hardware stack levels required when called:    2
 This function calls:
		Nothing
 This function is called by:
		_PIN_MANAGER_Initialize
 This function uses a non-reentrant model


 *************** function _IOCEF1_SetInterruptHandler *****************
 Defined at:
		line 568 in file "mcc_generated_files/pin_manager.c"
 Parameters:    Size  Location     Type
  InterruptHan    2    2[COMRAM] PTR FTN()void 
		 -> IOCEF1_DefaultInterruptHandler(1), 
 Auto vars:     Size  Location     Type
		None
 Return value:  Size  Location     Type
                  1    wreg      void 
 Registers used:
		wreg, status,2, status,0
 Tracked objects:
		On entry : 
		On exit  : 
		Unchanged: 
 Data sizes:     COMRAM   BANK0   BANK1   BANK2   BANK3   BANK4   BANK5   BANK6   BANK7
      Params:         2       0       0       0       0       0       0       0       0
      Locals:         0       0       0       0       0       0       0       0       0
      Temps:          0       0       0       0       0       0       0       0       0
      Totals:         2       0       0       0       0       0       0       0       0
Total ram usage:        2 bytes
 Hardware stack levels used:    1
 Hardware stack levels required when called:    2
 This function calls:
		Nothing
 This function is called by:
		_PIN_MANAGER_Initialize
 This function uses a non-reentrant model


 *************** function _IOCEF0_SetInterruptHandler *****************
 Defined at:
		line 538 in file "mcc_generated_files/pin_manager.c"
 Parameters:    Size  Location     Type
  InterruptHan    2    2[COMRAM] PTR FTN()void 
		 -> IOCEF0_DefaultInterruptHandler(1), 
 Auto vars:     Size  Location     Type
		None
 Return value:  Size  Location     Type
                  1    wreg      void 
 Registers used:
		wreg, status,2, status,0
 Tracked objects:
		On entry : 
		On exit  : 
		Unchanged: 
 Data sizes:     COMRAM   BANK0   BANK1   BANK2   BANK3   BANK4   BANK5   BANK6   BANK7
      Params:         2       0       0       0       0       0       0       0       0
      Locals:         0       0       0       0       0       0       0       0       0
      Temps:          0       0       0       0       0       0       0       0       0
      Totals:         2       0       0       0       0       0       0       0       0
Total ram usage:        2 bytes
 Hardware stack levels used:    1
 Hardware stack levels required when called:    2
 This function calls:
		Nothing
 This function is called by:
		_PIN_MANAGER_Initialize
 This function uses a non-reentrant model


 *************** function _IOCCF1_SetInterruptHandler *****************
 Defined at:
		line 508 in file "mcc_generated_files/pin_manager.c"
 Parameters:    Size  Location     Type
  InterruptHan    2    2[COMRAM] PTR FTN()void 
		 -> IOCCF1_DefaultInterruptHandler(1), 
 Auto vars:     Size  Location     Type
		None
 Return value:  Size  Location     Type
                  1    wreg      void 
 Registers used:
		wreg, status,2, status,0
 Tracked objects:
		On entry : 
		On exit  : 
		Unchanged: 
 Data sizes:     COMRAM   BANK0   BANK1   BANK2   BANK3   BANK4   BANK5   BANK6   BANK7
      Params:         2       0       0       0       0       0       0       0       0
      Locals:         0       0       0       0       0       0       0       0       0
      Temps:          0       0       0       0       0       0       0       0       0
      Totals:         2       0       0       0       0       0       0       0       0
Total ram usage:        2 bytes
 Hardware stack levels used:    1
 Hardware stack levels required when called:    2
 This function calls:
		Nothing
 This function is called by:
		_PIN_MANAGER_Initialize
 This function uses a non-reentrant model


 *************** function _IOCCF0_SetInterruptHandler *****************
 Defined at:
		line 478 in file "mcc_generated_files/pin_manager.c"
 Parameters:    Size  Location     Type
  InterruptHan    2    2[COMRAM] PTR FTN()void 
		 -> IOCCF0_DefaultInterruptHandler(1), 
 Auto vars:     Size  Location     Type
		None
 Return value:  Size  Location     Type
                  1    wreg      void 
 Registers used:
		wreg, status,2, status,0
 Tracked objects:
		On entry : 
		On exit  : 
		Unchanged: 
 Data sizes:     COMRAM   BANK0   BANK1   BANK2   BANK3   BANK4   BANK5   BANK6   BANK7
      Params:         2       0       0       0       0       0       0       0       0
      Locals:         0       0       0       0       0       0       0       0       0
      Temps:          0       0       0       0       0       0       0       0       0
      Totals:         2       0       0       0       0       0       0       0       0
Total ram usage:        2 bytes
 Hardware stack levels used:    1
 Hardware stack levels required when called:    2
 This function calls:
		Nothing
 This function is called by:
		_PIN_MANAGER_Initialize
 This function uses a non-reentrant model


 *************** function _IOCAF5_SetInterruptHandler *****************
 Defined at:
		line 448 in file "mcc_generated_files/pin_manager.c"
 Parameters:    Size  Location     Type
  InterruptHan    2    2[COMRAM] PTR FTN()void 
		 -> IOCAF5_DefaultInterruptHandler(1), 
 Auto vars:     Size  Location     Type
		None
 Return value:  Size  Location     Type
                  1    wreg      void 
 Registers used:
		wreg, status,2, status,0
 Tracked objects:
		On entry : 
		On exit  : 
		Unchanged: 
 Data sizes:     COMRAM   BANK0   BANK1   BANK2   BANK3   BANK4   BANK5   BANK6   BANK7
      Params:         2       0       0       0       0       0       0       0       0
      Locals:         0       0       0       0       0       0       0       0       0
      Temps:          0       0       0       0       0       0       0       0       0
      Totals:         2       0       0       0       0       0       0       0       0
Total ram usage:        2 bytes
 Hardware stack levels used:    1
 Hardware stack levels required when called:    2
 This function calls:
		Nothing
 This function is called by:
		_PIN_MANAGER_Initialize
 This function uses a non-reentrant model


 *************** function _IOCAF4_SetInterruptHandler *****************
 Defined at:
		line 418 in file "mcc_generated_files/pin_manager.c"
 Parameters:    Size  Location     Type
  InterruptHan    2    2[COMRAM] PTR FTN()void 
		 -> IOCAF4_DefaultInterruptHandler(1), 
 Auto vars:     Size  Location     Type
		None
 Return value:  Size  Location     Type
                  1    wreg      void 
 Registers used:
		wreg, status,2, status,0
 Tracked objects:
		On entry : 
		On exit  : 
		Unchanged: 
 Data sizes:     COMRAM   BANK0   BANK1   BANK2   BANK3   BANK4   BANK5   BANK6   BANK7
      Params:         2       0       0       0       0       0       0       0       0
      Locals:         0       0       0       0       0       0       0       0       0
      Temps:          0       0       0       0       0       0       0       0       0
      Totals:         2       0       0       0       0       0       0       0       0
Total ram usage:        2 bytes
 Hardware stack levels used:    1
 Hardware stack levels required when called:    2
 This function calls:
		Nothing
 This function is called by:
		_PIN_MANAGER_Initialize
 This function uses a non-reentrant model


 *************** function _IOCAF3_SetInterruptHandler *****************
 Defined at:
		line 388 in file "mcc_generated_files/pin_manager.c"
 Parameters:    Size  Location     Type
  InterruptHan    2    2[COMRAM] PTR FTN()void 
		 -> IOCAF3_DefaultInterruptHandler(1), 
 Auto vars:     Size  Location     Type
		None
 Return value:  Size  Location     Type
                  1    wreg      void 
 Registers used:
		wreg, status,2, status,0
 Tracked objects:
		On entry : 
		On exit  : 
		Unchanged: 
 Data sizes:     COMRAM   BANK0   BANK1   BANK2   BANK3   BANK4   BANK5   BANK6   BANK7
      Params:         2       0       0       0       0       0       0       0       0
      Locals:         0       0       0       0       0       0       0       0       0
      Temps:          0       0       0       0       0       0       0       0       0
      Totals:         2       0       0       0       0       0       0       0       0
Total ram usage:        2 bytes
 Hardware stack levels used:    1
 Hardware stack levels required when called:    2
 This function calls:
		Nothing
 This function is called by:
		_PIN_MANAGER_Initialize
 This function uses a non-reentrant model


 *************** function _IOCAF2_SetInterruptHandler *****************
 Defined at:
		line 358 in file "mcc_generated_files/pin_manager.c"
 Parameters:    Size  Location     Type
  InterruptHan    2    2[COMRAM] PTR FTN()void 
		 -> IOCAF2_DefaultInterruptHandler(1), 
 Auto vars:     Size  Location     Type
		None
 Return value:  Size  Location     Type
                  1    wreg      void 
 Registers used:
		wreg, status,2, status,0
 Tracked objects:
		On entry : 
		On exit  : 
		Unchanged: 
 Data sizes:     COMRAM   BANK0   BANK1   BANK2   BANK3   BANK4   BANK5   BANK6   BANK7
      Params:         2       0       0       0       0       0       0       0       0
      Locals:         0       0       0       0       0       0       0       0       0
      Temps:          0       0       0       0       0       0       0       0       0
      Totals:         2       0       0       0       0       0       0       0       0
Total ram usage:        2 bytes
 Hardware stack levels used:    1
 Hardware stack levels required when called:    2
 This function calls:
		Nothing
 This function is called by:
		_PIN_MANAGER_Initialize
 This function uses a non-reentrant model


 *************** function _IOCAF1_SetInterruptHandler *****************
 Defined at:
		line 328 in file "mcc_generated_files/pin_manager.c"
 Parameters:    Size  Location     Type
  InterruptHan    2    2[COMRAM] PTR FTN()void 
		 -> IOCAF1_DefaultInterruptHandler(1), 
 Auto vars:     Size  Location     Type
		None
 Return value:  Size  Location     Type
                  1    wreg      void 
 Registers used:
		wreg, status,2, status,0
 Tracked objects:
		On entry : 
		On exit  : 
		Unchanged: 
 Data sizes:     COMRAM   BANK0   BANK1   BANK2   BANK3   BANK4   BANK5   BANK6   BANK7
      Params:         2       0       0       0       0       0       0       0       0
      Locals:         0       0       0       0       0       0       0       0       0
      Temps:          0       0       0       0       0       0       0       0       0
      Totals:         2       0       0       0       0       0       0       0       0
Total ram usage:        2 bytes
 Hardware stack levels used:    1
 Hardware stack levels required when called:    2
 This function calls:
		Nothing
 This function is called by:
		_PIN_MANAGER_Initialize
 This function uses a non-reentrant model


 *************** function _IOCAF0_SetInterruptHandler *****************
 Defined at:
		line 298 in file "mcc_generated_files/pin_manager.c"
 Parameters:    Size  Location     Type
  InterruptHan    2    2[COMRAM] PTR FTN()void 
		 -> IOCAF0_DefaultInterruptHandler(1), 
 Auto vars:     Size  Location     Type
		None
 Return value:  Size  Location     Type
                  1    wreg      void 
 Registers used:
		wreg, status,2, status,0
 Tracked objects:
		On entry : 
		On exit  : 
		Unchanged: 
 Data sizes:     COMRAM   BANK0   BANK1   BANK2   BANK3   BANK4   BANK5   BANK6   BANK7
      Params:         2       0       0       0       0       0       0       0       0
      Locals:         0       0       0       0       0       0       0       0       0
      Temps:          0       0       0       0       0       0       0       0       0
      Totals:         2       0       0       0       0       0       0       0       0
Total ram usage:        2 bytes
 Hardware stack levels used:    1
 Hardware stack levels required when called:    2
 This function calls:
		Nothing
 This function is called by:
		_PIN_MANAGER_Initialize
 This function uses a non-reentrant model


 *************** function _OSCILLATOR_Initialize *****************
 Defined at:
		line 57 in file "mcc_generated_files/mcc.c"
 Parameters:    Size  Location     Type
		None
 Auto vars:     Size  Location     Type
		None
 Return value:  Size  Location     Type
                  1    wreg      void 
 Registers used:
		wreg, status,2
 Tracked objects:
		On entry : 
		On exit  : 
		Unchanged: 
 Data sizes:     COMRAM   BANK0   BANK1   BANK2   BANK3   BANK4   BANK5   BANK6   BANK7
      Params:         0       0       0       0       0       0       0       0       0
      Locals:         0       0       0       0       0       0       0       0       0
      Temps:          0       0       0       0       0       0       0       0       0
      Totals:         0       0       0       0       0       0       0       0       0
Total ram usage:        0 bytes
 Hardware stack levels used:    1
 Hardware stack levels required when called:    2
 This function calls:
		Nothing
 This function is called by:
		_SYSTEM_Initialize
 This function uses a non-reentrant model


 *************** function _IOC_Initialize *****************
 Defined at:
		line 47 in file "main.c"
 Parameters:    Size  Location     Type
		None
 Auto vars:     Size  Location     Type
		None
 Return value:  Size  Location     Type
                  1    wreg      void 
 Registers used:
		None
 Tracked objects:
		On entry : 
		On exit  : 
		Unchanged: 
 Data sizes:     COMRAM   BANK0   BANK1   BANK2   BANK3   BANK4   BANK5   BANK6   BANK7
      Params:         0       0       0       0       0       0       0       0       0
      Locals:         0       0       0       0       0       0       0       0       0
      Temps:          0       0       0       0       0       0       0       0       0
      Totals:         0       0       0       0       0       0       0       0       0
Total ram usage:        0 bytes
 Hardware stack levels used:    1
 Hardware stack levels required when called:    2
 This function calls:
		Nothing
 This function is called by:
		_main
 This function uses a non-reentrant model


 *************** function _INTERRUPT_Initialize *****************
 Defined at:
		line 65 in file "main.c"
 Parameters:    Size  Location     Type
		None
 Auto vars:     Size  Location     Type
		None
 Return value:  Size  Location     Type
                  1    wreg      void 
 Registers used:
		None
 Tracked objects:
		On entry : 
		On exit  : 
		Unchanged: 
 Data sizes:     COMRAM   BANK0   BANK1   BANK2   BANK3   BANK4   BANK5   BANK6   BANK7
      Params:         0       0       0       0       0       0       0       0       0
      Locals:         0       0       0       0       0       0       0       0       0
      Temps:          0       0       0       0       0       0       0       0       0
      Totals:         0       0       0       0       0       0       0       0       0
Total ram usage:        0 bytes
 Hardware stack levels used:    1
 Hardware stack levels required when called:    2
 This function calls:
		Nothing
 This function is called by:
		_main
 This function uses a non-reentrant model


 *************** function _INTERRUPT_InterruptManager *****************
 Defined at:
		line 77 in file "main.c"
 Parameters:    Size  Location     Type
		None
 Auto vars:     Size  Location     Type
		None
 Return value:  Size  Location     Type
                  1    wreg      void 
 Registers used:
		wreg, status,2, status,0, cstack
 Tracked objects:
		On entry : 
		On exit  : 
		Unchanged: 
 Data sizes:     COMRAM   BANK0   BANK1   BANK2   BANK3   BANK4   BANK5   BANK6   BANK7
      Params:         0       0       0       0       0       0       0       0       0
      Locals:         0       0       0       0       0       0       0       0       0
      Temps:          2       0       0       0       0       0       0       0       0
      Totals:         2       0       0       0       0       0       0       0       0
Total ram usage:        2 bytes
 Hardware stack levels used:    1
 Hardware stack levels required when called:    1
 This function calls:
		_Local_IOCCF4_ISR
 This function is called by:
		Interrupt level 2
 This function uses a non-reentrant model


 *************** function _Local_IOCCF4_ISR *****************
 Defined at:
		line 55 in file "main.c"
 Parameters:    Size  Location     Type
		None
 Auto vars:     Size  Location     Type
		None
 Return value:  Size  Location     Type
                  1    wreg      void 
 Registers used:
		None
 Tracked objects:
		On entry : 
		On exit  : 
		Unchanged: 
 Data sizes:     COMRAM   BANK0   BANK1   BANK2   BANK3   BANK4   BANK5   BANK6   BANK7
      Params:         0       0       0       0       0       0       0       0       0
      Locals:         0       0       0       0       0       0       0       0       0
      Temps:          0       0       0       0       0       0       0       0       0
      Totals:         0       0       0       0       0       0       0       0       0
Total ram usage:        0 bytes
 Hardware stack levels used:    1
 This function calls:
		Nothing
 This function is called by:
		_INTERRUPT_InterruptManager
 This function uses a non-reentrant model



MODULE INFORMATION

Module		Function		Class		Link	Load	Size
mcc_generated_files/pin_manager.c
		_IOCAF5_SetInterruptHandler		CODE           	042E	0000	10
		_PIN_MANAGER_Initialize		CODE           	01FE	0000	318
		_IOCAF0_SetInterruptHandler		CODE           	0460	0000	10
		_IOCAF3_SetInterruptHandler		CODE           	0442	0000	10
		_IOCEF2_SetInterruptHandler		CODE           	03FC	0000	10
		_IOCCF0_SetInterruptHandler		CODE           	0424	0000	10
		_IOCAF1_SetInterruptHandler		CODE           	0456	0000	10
		_IOCEF0_SetInterruptHandler		CODE           	0410	0000	10
		_IOCAF4_SetInterruptHandler		CODE           	0438	0000	10
		_IOCCF1_SetInterruptHandler		CODE           	041A	0000	10
		_IOCAF2_SetInterruptHandler		CODE           	044C	0000	10
		_IOCEF1_SetInterruptHandler		CODE           	0406	0000	10

mcc_generated_files/pin_manager.c estimated size: 428

shared
		__initialization		CODE           	03E0	0000	1

shared estimated size: 1

mcc_generated_files/mcc.c
		_PMD_Initialize		CODE           	0398	0000	28
		_OSCILLATOR_Initialize		CODE           	03B4	0000	24
		_SYSTEM_Initialize		CODE           	03EE	0000	14

mcc_generated_files/mcc.c estimated size: 66

main.c
		_Local_IOCCF4_ISR		CODE           	03CC	0000	20
		_main          		CODE           	033C	0000	92
		_INTERRUPT_Initialize		CODE           	046A	0000	8
		_IOC_Initialize		CODE           	0472	0000	6
		_INTERRUPT_InterruptManager		CODE           	0008	0000	498

main.c estimated size: 624

